{
	"id": 228658025,
	"body": "`cat /var/run/dmesg.boot | grep CPU` : \r\n\r\n```\r\nCPU: Intel(R) Xeon(R) CPU E5-1620 v2 @ 3.70GHz (3700.08-MHz K8-class CPU)\r\nFreeBSD/SMP: Multiprocessor System Detected: 8 CPUs\r\ncpu0: \u003cACPI CPU\u003e on acpi0\r\ncpu1: \u003cACPI CPU\u003e on acpi0\r\ncpu2: \u003cACPI CPU\u003e on acpi0\r\ncpu3: \u003cACPI CPU\u003e on acpi0\r\ncpu4: \u003cACPI CPU\u003e on acpi0\r\ncpu5: \u003cACPI CPU\u003e on acpi0\r\ncpu6: \u003cACPI CPU\u003e on acpi0\r\ncpu7: \u003cACPI CPU\u003e on acpi0\r\np4tcc0: \u003cCPU Frequency Thermal Control\u003e on cpu0\r\np4tcc1: \u003cCPU Frequency Thermal Control\u003e on cpu1\r\np4tcc2: \u003cCPU Frequency Thermal Control\u003e on cpu2\r\np4tcc3: \u003cCPU Frequency Thermal Control\u003e on cpu3\r\np4tcc4: \u003cCPU Frequency Thermal Control\u003e on cpu4\r\np4tcc5: \u003cCPU Frequency Thermal Control\u003e on cpu5\r\np4tcc6: \u003cCPU Frequency Thermal Control\u003e on cpu6\r\np4tcc7: \u003cCPU Frequency Thermal Control\u003e on cpu7\r\nSMP: AP CPU #1 Launched!\r\nSMP: AP CPU #3 Launched!\r\nSMP: AP CPU #6 Launched!\r\nSMP: AP CPU #5 Launched!\r\nSMP: AP CPU #4 Launched!\r\nSMP: AP CPU #7 Launched!\r\nSMP: AP CPU #2 Launched!\r\n```\r\n\r\n`cat /var/run/dmesg.boot | grep memory` : \r\n\r\n```\r\nreal memory  = 68727865344 (65544 MB)\r\navail memory = 66651250688 (63563 MB)\r\n```",
	"user": {
		"login": "sapiens-sapide",
		"id": 1287627,
		"type": "User",
		"site_admin": false
	},
	"created_at": "2016-06-27T05:37:54Z",
	"updated_at": "2016-06-27T05:38:09Z"
}
