{
	"id": 51284884,
	"number": 6236,
	"state": "closed",
	"title": "go_bootstrap: bad system call on OpenBSD 5.4",
	"body": "by **danielgvargas**:\n\n\u003cpre\u003eWhat steps will reproduce the problem?\nIf possible, include a link to a program on play.golang.org.\n1. tar zxvf go1.1.2.src.tar.gz\n2. cd go/src\n3. ./make.bash\n\nWhat is the expected output?\nThe usual compilation output.\n\nWhat do you see instead?\ncmd/go\n./make.bash: line 141: 15278 Bad system call         (core dumped)\n\u0026quot;$GOTOOLDIR\u0026quot;/go_bootstrap clean -i std\n\nWhich compiler are you using (5g, 6g, 8g, gccgo)?\nNA\n\nWhich operating system are you using?\nuname -sprv\nOpenBSD 5.4 GENERIC.MP#44 amd64 (snapshot)\n\nWhich version are you using?  (run 'go version')\n1.1.2\n\nPlease provide any additional information below.\nOpenBSD 5.4-current (GENERIC.MP) #44: Mon Aug 19 17:02:07 MDT 2013\n    deraadt@amd64.openbsd.org:/usr/src/sys/arch/amd64/compile/GENERIC.MP\nreal mem = 1861025792 (1774MB)\navail mem = 1803444224 (1719MB)\nmainbus0 at root\nbios0 at mainbus0: SMBIOS rev. 2.5 @ 0xf0910 (43 entries)\nbios0: vendor LENOVO version \u0026quot;6XET53WW (1.36 )\u0026quot; date 01/11/2013\nbios0: LENOVO 28762FP\nacpi0 at bios0: rev 2\nacpi0: sleep states S0 S3 S4 S5\nacpi0: tables DSDT FACP TCPA SSDT APIC MCFG HPET SLIC\nacpi0: wakeup devices PB5_(S5) OHC0(S3) OHC1(S3) OHC2(S3) OHC3(S3) OHC4(S3) P2P_(S5)\nLID_(S3)\nacpitimer0 at acpi0: 3579545 Hz, 32 bits\nacpimadt0 at acpi0 addr 0xfee00000: PC-AT compat\ncpu0 at mainbus0: apid 0 (boot processor)\ncpu0: AMD Athlon(tm) Neo Processor MV-40, 1597.30 MHz\ncpu0:\nFPU,VME,DE,PSE,TSC,MSR,PAE,MCE,CX8,APIC,SEP,MTRR,PGE,MCA,CMOV,PAT,PSE36,CFLUSH,MMX,FXSR,SSE,SSE2,SSE3,CX16,NXE,MMXX,FFXSR,LONG,3DNOW2,3DNOW,LAH\ncpu0: 64KB 64b/line 2-way I-cache, 64KB 64b/line 2-way D-cache, 512KB 64b/line 16-way L2\ncache\ncpu0: ITLB 32 4KB entries fully associative, 8 4MB entries fully associative\ncpu0: DTLB 32 4KB entries fully associative, 8 4MB entries fully associative\ncpu0: apic clock running at 199MHz\n...\n(gdb) run clean -i std\nStarting program: /home/dgv/go/pkg/tool/openbsd_amd64/go_bootstrap clean -i std\nDie: DW_TAG_unspecified_type (abbrev = 10, offset = 46831)\n        has children: FALSE\n        attributes:\n                DW_AT_name (DW_FORM_string) string: \u0026quot;\u0026lt;unspecified\u0026gt;\u0026quot;\nDwarf Error: Cannot find type of die [in module\n/home/dgv/go/pkg/tool/openbsd_amd64/go_bootstrap]\nCore file attached. Thanks for your attention.\u003c/pre\u003e\n\n\n\n\n\nAttachments:\n\n1. \u003ca href=\"https://storage.googleapis.com/go-attachment/6236/0/go_bootstrap.core.tar.bz2\"\u003ego_bootstrap.core.tar.bz2\u003c/a\u003e (35645 bytes)",
	"user": {
		"login": "gopherbot",
		"id": 8566911,
		"type": "User",
		"site_admin": false
	},
	"labels": [
		{
			"name": "FrozenDueToAge"
		}
	],
	"comments": 5,
	"closed_at": "2014-12-08T10:34:19Z",
	"created_at": "2013-08-23T20:03:10Z",
	"updated_at": "2016-06-25T01:17:11Z"
}
