{
	"id": 66098335,
	"body": "\u003ca id=\"c14\"\u003e\u003c/a\u003eComment 14:\n\n\u003cpre\u003eAlso, the make.bash script doesn't seem to ever get to the final \"tar\" step.\n\nThe \"halt\" command seems to just reboot it, and qemu-system-x86_64 seems to not ever\nexit.\n\nI see:\n\n\nMaking all device nodes...done.\nquirks-2.10 signed on 2014-09-05T15:03:42Z\nquirks-2.10: ok\nbash-4.3.24:libiconv-1.14p1 (installing)ldconfig: /var/run/ld.so.hints: No such file or\ndirectory\nbash-4.3.24:libiconv-1.14p1: ok\nbash-4.3.24:gettext-0.19.1p0: ok\nShell /usr/local/bin/bash appended to /etc/shells\nbash-4.3.24: ok\ncurl-7.37.1:libidn-1.29: ok\ncurl-7.37.1: ok\nExtracted 29633422 from 29636303\n\nCONGRATULATIONS! Your OpenBSD install has been successfully completed!\nTo boot the new system, enter 'reboot' at the command prompt.\nWhen you login to your new system the first time, please read your mail\nusing the 'mail' command.\n\n# halt\nsyncing disks... done\n\nThe operating system has halted.\nPlease press any key to reboot.\n\nrebooting...\n\u0026gt;\u0026gt; OpenBSD/amd64 BOOT 3.28\nboot\u0026gt;\nbooting hd0a:/bsd: 7698960+2124204+1092216+0+581376 [100+552720+367859]=0xfd7eb0\nentry point at 0x10001e0 [7205c766, 34000004, 24448b12, 1c40a304]\n[ using 921520 bytes of bsd ELF symbol table ]\nCopyright (c) 1982, 1986, 1989, 1991, 1993\n\tThe Regents of the University of California.  All rights reserved.\nCopyright (c) 1995-2014 OpenBSD. All rights reserved.  \u003ca href=\"http://www.OpenBSD.org\"\u003ehttp://www.OpenBSD.org\u003c/a\u003e\n\nOpenBSD 5.6-current (GENERIC) #345: Tue Sep  9 00:22:24 MDT 2014\n    todd@amd64.openbsd.org:/usr/src/sys/arch/amd64/compile/GENERIC\nreal mem = 385863680 (367MB)\navail mem = 367001600 (350MB)\nmpath0 at root\nscsibus0 at mpath0: 256 targets\nmainbus0 at root\nbios0 at mainbus0: SMBIOS rev. 2.4 @ 0xfd9c0 (10 entries)\nbios0: vendor Bochs version \"Bochs\" date 01/01/2007\nbios0: Bochs Bochs\nacpi0 at bios0: rev 0\nacpi0: sleep states S3 S4 S5\nacpi0: tables DSDT FACP SSDT APIC HPET\nacpi0: wakeup devices\nacpitimer0 at acpi0: 3579545 Hz, 24 bits\nacpimadt0 at acpi0 addr 0xfee00000: PC-AT compat\ncpu0 at mainbus0: apid 0 (boot processor)\ncpu0: QEMU Virtual CPU version 1.0, 2809.59 MHz\ncpu0:\nFPU,PSE,TSC,MSR,PAE,MCE,CX8,APIC,SEP,MTRR,PGE,MCA,CMOV,PAT,PSE36,CFLUSH,MMX,FXSR,SSE,SSE2,SSE3,CX16,POPCNT,NXE,LONG,LAHF,SVM,ABM,SSE4A\ncpu0: 64KB 64b/line 2-way I-cache, 64KB 64b/line 2-way D-cache, 512KB 64b/line 16-way L2\ncache\ncpu0: ITLB 255 4KB entries direct-mapped, 255 4MB entries direct-mapped\ncpu0: DTLB 255 4KB entries direct-mapped, 255 4MB entries direct-mapped\nmtrr: Pentium Pro MTRR support, 8 var ranges, 88 fixed ranges\ncpu0: apic clock running at 1000MHz\nioapic0 at mainbus0: apid 1 pa 0xfec00000, version 11, 24 pins\nioapic0: misconfigured as apic 0, remapped to apid 1\nacpihpet0 at acpi0: counter not incrementing\nacpiprt0 at acpi0: bus 0 (PCI0)\nacpicpu0 at acpi0\npci0 at mainbus0 bus 0\npchb0 at pci0 dev 0 function 0 \"Intel 82441FX\" rev 0x02\npcib0 at pci0 dev 1 function 0 \"Intel 82371SB ISA\" rev 0x00\npciide0 at pci0 dev 1 function 1 \"Intel 82371SB IDE\" rev 0x00: DMA, channel 0 wired to\ncompatibility, channel 1 wired to compatibility\npciide0: channel 0 disabled (no drives)\natapiscsi0 at pciide0 channel 1 drive 0\nscsibus1 at atapiscsi0: 2 targets\ncd0 at scsibus1 targ 0 lun 0: \u0026lt;QEMU, QEMU DVD-ROM, 1.0\u0026gt; ATAPI 5/cdrom removable\ncd0(pciide0:1:0): using PIO mode 4, DMA mode 2\npiixpm0 at pci0 dev 1 function 3 \"Intel 82371AB Power\" rev 0x03: apic 1 int 10\niic0 at piixpm0\niic0: addr 0x18 00=00 01=00 02=00 03=00 04=00 05=00 06=00 07=00 08=00 words 00=0000\n01=0000 02=0000 03=0000 04=0000 05=0000 06=0000 07=0000\niic0: addr 0x1a 00=00 01=00 02=00 03=00 04=00 05=00 06=00 07=00 08=00 words 00=0000\n01=0000 02=0000 03=0000 04=0000 05=0000 06=0000 07=0000\niic0: addr 0x29 00=00 01=00 02=00 03=00 04=00 05=00 06=00 07=00 08=00 words 00=0000\n01=0000 02=0000 03=0000 04=0000 05=0000 06=0000 07=0000\niic0: addr 0x2b 00=00 01=00 02=00 03=00 04=00 05=00 06=00 07=00 08=00 words 00=0000\n01=0000 02=0000 03=0000 04=0000 05=0000 06=0000 07=0000\niic0: addr 0x4c 00=00 01=00 02=00 03=00 04=00 05=00 06=00 07=00 08=00 words 00=0000\n01=0000 02=0000 03=0000 04=0000 05=0000 06=0000 07=0000\niic0: addr 0x4e 00=00 01=00 02=00 03=00 04=00 05=00 06=00 07=00 08=00 words 00=0000\n01=0000 02=0000 03=0000 04=0000 05=0000 06=0000 07=0000\nvga1 at pci0 dev 2 function 0 \"Cirrus Logic CL-GD5446\" rev 0x00\nwsdisplay0 at vga1 mux 1: console (80x25, vt100 emulation)\nwsdisplay0: screen 1-5 added (80x25, vt100 emulation)\nvirtio0 at pci0 dev 3 function 0 \"Qumranet Virtio Network\" rev 0x00: Virtio Network\nDevice\nvio0 at virtio0: address 52:54:00:12:34:56\nvirtio0: apic 1 int 11\nvirtio1 at pci0 dev 4 function 0 \"Qumranet Virtio Storage\" rev 0x00: Virtio Block Device\nvioblk0 at virtio1\nscsibus2 at vioblk0: 2 targets\nsd0 at scsibus2 targ 0 lun 0: \u0026lt;VirtIO, Block Device, \u0026gt; SCSI3 0/direct fixed\nsd0: 10240MB, 512 bytes/sector, 20971520 sectors\nvirtio1: apic 1 int 11\nisa0 at pcib0\nisadma0 at isa0\ncom0 at isa0 port 0x3f8/8 irq 4: ns16550a, 16 byte fifo\ncom0: console\npckbc0 at isa0 port 0x60/5\npckbd0 at pckbc0 (kbd slot)\npckbc0: using irq 1 for kbd slot\nwskbd0 at pckbd0: console keyboard, using wsdisplay0\npms0 at pckbc0 (aux slot)\npckbc0: using irq 12 for aux slot\nwsmouse0 at pms0 mux 0\npcppi0 at isa0 port 0x61\nspkr0 at pcppi0\nlpt0 at isa0 port 0x378/4 irq 7\nfdc0 at isa0 port 0x3f0/6 irq 6 drq 2\nfd0 at fdc0 drive 0: density unknown\nfd1 at fdc0 drive 1: density unknown\nnvram: invalid checksum\nvscsi0 at root\nscsibus3 at vscsi0: 256 targets\nsoftraid0 at root\nscsibus4 at softraid0: 256 targets\nroot on sd0a (280aa5820cbd97c0.a) swap on sd0b dump on sd0b\nclock: unknown CMOS layout\nAutomatic boot in progress: starting file system checks.\n/dev/sd0a (280aa5820cbd97c0.a): file system is clean; not checking\n/dev/sd0k (280aa5820cbd97c0.k): file system is clean; not checking\n/dev/sd0d (280aa5820cbd97c0.d): file system is clean; not checking\n/dev/sd0f (280aa5820cbd97c0.f): file system is clean; not checking\n/dev/sd0g (280aa5820cbd97c0.g): file system is clean; not checking\n/dev/sd0h (280aa5820cbd97c0.h): file system is clean; not checking\n/dev/sd0j (280aa5820cbd97c0.j): file system is clean; not checking\n/dev/sd0i (280aa5820cbd97c0.i): file system is clean; not checking\n/dev/sd0e (280aa5820cbd97c0.e): file system is clean; not checking\nsetting tty flags\npf enabled\nstarting network\nDHCPDISCOVER on vio0 - interval 3\nDHCPOFFER from 10.0.2.2 (52:55:0a:00:02:02)\nDHCPREQUEST on vio0 to 255.255.255.255\nDHCPACK from 10.0.2.2 (52:55:0a:00:02:02)\nbound to 10.0.2.15 -- renewal in 43200 seconds.\nopenssl: generating isakmpd/iked RSA key... done.\nssh-keygen: generating new host keys: RSA1 RSA DSA ECDSA ED25519\nstarting early daemons: syslogd pflogd.\nstarting RPC daemons:.\nsavecore: no core dump\nchecking quotas: done.\nclearing /tmp\nkern.securelevel: 0 -\u0026gt; 1\ncreating runtime link editor directory cache.\npreserving editor files.\nstarting network daemons: sshd smtpd sndiod.\nfw_update: No devices found which need firmware files to be downloaded.\nstarting local daemons: cron.\nTue Sep  9 08:27:45 PDT 2014\n\nOpenBSD/amd64 (buildlet.my.domain) (tty00)\n\nlogin: syncing disks... done\u003c/pre\u003e",
	"user": {
		"login": "bradfitz",
		"id": 2621,
		"type": "User",
		"site_admin": false
	},
	"created_at": "2014-09-09T15:30:07Z",
	"updated_at": "2014-12-22T06:37:10Z"
}
